src/emails/AttendanceAlertEmail.tsx(11,8): error TS2307: Cannot find module '@react-email/components' or its corresponding type declarations.
src/emails/ExamPublishedEmail.tsx(12,8): error TS2307: Cannot find module '@react-email/components' or its corresponding type declarations.
src/emails/FeeReceiptEmail.tsx(12,8): error TS2307: Cannot find module '@react-email/components' or its corresponding type declarations.
src/emails/FeeReminderEmail.tsx(12,8): error TS2307: Cannot find module '@react-email/components' or its corresponding type declarations.
src/emails/InventoryReceiptEmail.tsx(12,8): error TS2307: Cannot find module '@react-email/components' or its corresponding type declarations.
src/emails/WelcomeEmail.tsx(12,8): error TS2307: Cannot find module '@react-email/components' or its corresponding type declarations.
src/lib/email.ts(1,24): error TS2307: Cannot find module 'resend' or its corresponding type declarations.
src/lib/email.ts(2,10): error TS2724: '"./supabase/server"' has no exported member named 'createServerClient'. Did you mean 'createClient'?
